[2026-04-30T12:36:48Z INFO  SOR] SOR gRPC Server listening on 127.0.0.1:50052
[2026-04-30T12:36:48Z INFO  SOR] SOR: Received 154 updates from Oracle
[2026-04-30T12:36:48Z INFO  SOR] SOR: Pool cache refresh complete (154 pools in cache)
[2026-04-30T12:37:03Z INFO  SOR] SOR: Received 154 updates from Oracle
[2026-04-30T12:37:03Z INFO  SOR] SOR: Pool cache refresh complete (154 pools in cache)
[2026-04-30T12:37:18Z INFO  SOR] SOR: Received 154 updates from Oracle
[2026-04-30T12:37:18Z INFO  SOR] SOR: Pool cache refresh complete (154 pools in cache)
[2026-04-30T12:37:33Z INFO  SOR] SOR: Received 154 updates from Oracle
[2026-04-30T12:37:33Z INFO  SOR] SOR: Pool cache refresh complete (154 pools in cache)
[2026-04-30T12:37:48Z INFO  SOR] SOR: Received 154 updates from Oracle
[2026-04-30T12:37:48Z INFO  SOR] SOR: Pool cache refresh complete (154 pools in cache)
[2026-04-30T12:38:03Z INFO  SOR] SOR: Received 154 updates from Oracle
[2026-04-30T12:38:03Z INFO  SOR] SOR: Pool cache refresh complete (154 pools in cache)
[2026-04-30T12:38:18Z INFO  SOR] SOR: Received 154 updates from Oracle
[2026-04-30T12:38:18Z INFO  SOR] SOR: Pool cache refresh complete (154 pools in cache)
[2026-04-30T12:38:32Z INFO  SOR::quoter] Quoter: Requesting quote for So11111111111111111111111111111111111111112 -> EPjFWdd5AufqSSqeM2qN1xzybapC8G4wEGGkZwyTDt1v (amount: 1000000)
[2026-04-30T12:38:32Z INFO  SOR::graph] Graph: Successfully built graph with 154 edges
[2026-04-30T12:38:32Z INFO  SOR::graph] Graph: Searching routes from So11111111111111111111111111111111111111112 to EPjFWdd5AufqSSqeM2qN1xzybapC8G4wEGGkZwyTDt1v (nodes: 124)
[2026-04-30T12:38:32Z INFO  SOR::graph] Graph: Search complete. Found 30 routes
[2026-04-30T12:38:32Z INFO  SOR::quoter] TokenGraph: Found 30 candidate paths for So11111111111111111111111111111111111111112 -> EPjFWdd5AufqSSqeM2qN1xzybapC8G4wEGGkZwyTDt1v
[2026-04-30T12:38:32Z INFO  SOR::quoter]   Path 0: ["BVRbyLjjfSBcoyiYFuxbgKYnWuiFaF9CSXEa5vdSZ9Hh"]
[2026-04-30T12:38:32Z INFO  SOR::quoter]   Path 1: ["BGm1tav58oGcsQJehL9WXBFXF7D27vZsKefj4xJKD5Y"]
[2026-04-30T12:38:32Z INFO  SOR::quoter]   Path 2: ["CgqwPLSFfht89pF5RSKGUUMFj5zRxoUt4861w2SkXaqY"]
[2026-04-30T12:38:32Z INFO  SOR::quoter]   Path 3: ["HTvjzsfX3yU6BUodCjZ5vZkUrAxMDTrBs3CJaq43ashR"]
[2026-04-30T12:38:32Z INFO  SOR::quoter]   Path 4: ["5rCf1DM8LjKTw4YqhnoLcngyZYeNnQqztScTogYHAS6"]
[2026-04-30T12:38:32Z INFO  SOR::quoter]   Path 5: ["Czfq3xZZDmsdGdUyrNLtRhGc47cXcZtLG4crryfu44zE"]
[2026-04-30T12:38:32Z INFO  SOR::quoter]   Path 6: ["58oQChx4yWmvKdwLLZzBi4ChoCc2fqCUWBkwMihLYQo2"]
[2026-04-30T12:38:32Z INFO  SOR::quoter]   Path 7: ["Hp53XEtt4S8SvPCXarsLSdGfZBuUr5mMmZmX2DRNXQKp", "5hWJUNTtEtKmKgDXpthJXXRRmJrz5vJ7uJzrUNVdrwLg"]
[2026-04-30T12:38:32Z INFO  SOR::quoter]   Path 8: ["CeaZcxBNLpJWtxzt58qQmfMBtJY8pQLvursXTJYGQpbN", "HxA6SKW5qA4o12fjVgTpXdq2YnZ5Zv1s7SB4FFomsyLM"]
[2026-04-30T12:38:32Z INFO  SOR::quoter]   Path 9: ["CeaZcxBNLpJWtxzt58qQmfMBtJY8pQLvursXTJYGQpbN", "7ubS3GccjhQY99AYNKXjNJqnXjaokEdfdV915xnCb96r"]
[2026-04-30T12:38:32Z INFO  SOR::quoter]   Path 10: ["DxD41srN8Xk9QfYjdNXF9tTnP6qQxeF2bZF8s1eN62Pe", "C1cq3X7JvzcWCLx6TXa9KEwMGmemK8WHXurh8bfjN73k"]
[2026-04-30T12:38:32Z INFO  SOR::quoter]   Path 11: ["3ne4mWqdYuNiYrYZC9TrA3FcfuFdErghH97vNPbjicr1", "8QaXeHBrShJTdtN1rWCccBxpSVvKksQ2PCu5nufb2zbk"]
[2026-04-30T12:38:32Z INFO  SOR::quoter]   Path 12: ["6a3m2EgFFKfsFuQtP4LJJXPcAe3TQYXNyHUjjZpUxYgd", "J27e5izvX4nbaaRDjMKv7DogQzcPidCAECxzE6rK4bF7"]
[2026-04-30T12:38:32Z INFO  SOR::quoter]   Path 13: ["6a3m2EgFFKfsFuQtP4LJJXPcAe3TQYXNyHUjjZpUxYgd", "6NUiVmsNjsi4AfsMsEiaezsaV9N4N1ZrD4jEnuWNRvyb"]
[2026-04-30T12:38:32Z INFO  SOR::quoter]   Path 14: ["B5EwJVDuAauzUEEdwvbuXzbFFgEYnUqqS37TUM1c4PQA", "55BrDTCLWayM16GwrMEQU57o4PTm6ceF9wavSdNZcEiy"]
[2026-04-30T12:38:32Z INFO  SOR::quoter]   Path 15: ["FAqh648xeeaTqL7du49sztp9nfj5PjRQrfvaMccyd9cz", "DdMA1cHcHEqYfttc1z1sJEY978CcU1pyjNuTWTNmdvzU"]
[2026-04-30T12:38:32Z INFO  SOR::quoter]   Path 16: ["AsSyvUnbfaZJPRrNh3kUuvZTeHKoMVWEoHz86f4Q5D9x", "5hbf9JP8k5zdrZp9pokPypFQoBse5mGCmW6nqodurGcd"]
[2026-04-30T12:38:32Z INFO  SOR::quoter]   Path 17: ["HbjYfcWZBjCBYTJpZkLGxqArVmZVu3mQcRudb6Wg1sVh", "9SMp4yLKGtW9TnLimfVPkDARsyNSfJw43WMke4r7KoZj"]
[2026-04-30T12:38:32Z INFO  SOR::quoter]   Path 18: ["BoeMUkCLHchTD31HdXsbDExuZZfcUppSLpYtV3LZTH6U", "5hWJUNTtEtKmKgDXpthJXXRRmJrz5vJ7uJzrUNVdrwLg"]
[2026-04-30T12:38:32Z INFO  SOR::quoter]   Path 19: ["9t1H1uDJ558iMPNkEPSN1fqkpC4XSPQ6cqSf6uEsTfTR", "Bi8ryDQCx6natkGAtCbDD87E3Q2osjBWf1LsMiweJpQN"]
[2026-04-30T12:38:32Z INFO  SOR::quoter]   Path 20: ["AVs9TA4nWDzfPJE9gGVNJMVhcQy3V9PGazuz33BfG2RA", "6UmmUiYoBjSrhakAobJw8BvkmJtDVxaeBtbt7rxWo1mg"]
[2026-04-30T12:38:32Z INFO  SOR::quoter]   Path 21: ["H2USRSaWuUchkbdmSJgKNfAm7ocyD4ZnCm69oRGyecKw", "HxA6SKW5qA4o12fjVgTpXdq2YnZ5Zv1s7SB4FFomsyLM"]
[2026-04-30T12:38:32Z INFO  SOR::quoter]   Path 22: ["H2USRSaWuUchkbdmSJgKNfAm7ocyD4ZnCm69oRGyecKw", "7ubS3GccjhQY99AYNKXjNJqnXjaokEdfdV915xnCb96r"]
[2026-04-30T12:38:32Z INFO  SOR::quoter]   Path 23: ["81GpCm4d13y8TozYtThabuSCLQN2o3bbrvDogXFPn8sA", "ANCx141SujgVdbKz9NTEH8F38qWsnyyXsVju64aU3qLB"]
[2026-04-30T12:38:32Z INFO  SOR::quoter]   Path 24: ["3LxKhPQNQ4ovrFybWn2rZJYxQqNufVrFcvDBiNijpsE6", "8JdFW78z26cFbfdcKpipSCAbC62ugxycT4s4B6To38kZ"]
[2026-04-30T12:38:32Z INFO  SOR::quoter]   Path 25: ["CeaZcxBNLpJWtxzt58qQmfMBtJY8pQLvursXTJYGQpbN", "4v8ufj8Hj7UvFgtofQJAtzUud5xomwZfEqfCTHZ4wM72", "55BrDTCLWayM16GwrMEQU57o4PTm6ceF9wavSdNZcEiy"]
[2026-04-30T12:38:32Z INFO  SOR::quoter]   Path 26: ["HCeas2dbSrCrHNuzBVpkuaSz7X3oVu9ekzxMc5ZDsZ4j", "6bh2zL833toG7TnbBn2HEi6vLBbMTEwREk6YPZYQThDK", "4fuUiYxTQ6QCrdSq9ouBYcTM7bqSwYTSyLueGZLTy4T4"]
[2026-04-30T12:38:32Z INFO  SOR::quoter]   Path 27: ["B5EwJVDuAauzUEEdwvbuXzbFFgEYnUqqS37TUM1c4PQA", "4v8ufj8Hj7UvFgtofQJAtzUud5xomwZfEqfCTHZ4wM72", "HxA6SKW5qA4o12fjVgTpXdq2YnZ5Zv1s7SB4FFomsyLM"]
[2026-04-30T12:38:32Z INFO  SOR::quoter]   Path 28: ["B5EwJVDuAauzUEEdwvbuXzbFFgEYnUqqS37TUM1c4PQA", "4v8ufj8Hj7UvFgtofQJAtzUud5xomwZfEqfCTHZ4wM72", "7ubS3GccjhQY99AYNKXjNJqnXjaokEdfdV915xnCb96r"]
[2026-04-30T12:38:32Z INFO  SOR::quoter]   Path 29: ["H2USRSaWuUchkbdmSJgKNfAm7ocyD4ZnCm69oRGyecKw", "4v8ufj8Hj7UvFgtofQJAtzUud5xomwZfEqfCTHZ4wM72", "55BrDTCLWayM16GwrMEQU57o4PTm6ceF9wavSdNZcEiy"]
[2026-04-30T12:38:32Z WARN  SOR::quoter] Quoter: Simulating pool H2USRSaWuUchkbdmSJgKNfAm7ocyD4ZnCm69oRGyecKw resulted in 0 output (reserves: 108350287/4968889729999). Check Price Oracle sync.
[2026-04-30T12:38:32Z WARN  SOR::quoter] Quoter: Simulating pool H2USRSaWuUchkbdmSJgKNfAm7ocyD4ZnCm69oRGyecKw resulted in 0 output (reserves: 108350287/4968889729999). Check Price Oracle sync.
[2026-04-30T12:38:32Z WARN  SOR::quoter] Quoter: Simulating pool H2USRSaWuUchkbdmSJgKNfAm7ocyD4ZnCm69oRGyecKw resulted in 0 output (reserves: 108350287/4968889729999). Check Price Oracle sync.
[2026-04-30T12:38:32Z WARN  SOR::quoter] Quoter: Simulating pool H2USRSaWuUchkbdmSJgKNfAm7ocyD4ZnCm69oRGyecKw resulted in 0 output (reserves: 108350287/4968889729999). Check Price Oracle sync.
[2026-04-30T12:38:32Z WARN  SOR::quoter] Quoter: Simulating pool H2USRSaWuUchkbdmSJgKNfAm7ocyD4ZnCm69oRGyecKw resulted in 0 output (reserves: 108350287/4968889729999). Check Price Oracle sync.
[2026-04-30T12:38:32Z WARN  SOR::quoter] Quoter: Simulating pool H2USRSaWuUchkbdmSJgKNfAm7ocyD4ZnCm69oRGyecKw resulted in 0 output (reserves: 108350287/4968889729999). Check Price Oracle sync.
[2026-04-30T12:38:32Z WARN  SOR::quoter] Quoter: Simulating pool H2USRSaWuUchkbdmSJgKNfAm7ocyD4ZnCm69oRGyecKw resulted in 0 output (reserves: 108350287/4968889729999). Check Price Oracle sync.
[2026-04-30T12:38:32Z WARN  SOR::quoter] Quoter: Simulating pool H2USRSaWuUchkbdmSJgKNfAm7ocyD4ZnCm69oRGyecKw resulted in 0 output (reserves: 108350287/4968889729999). Check Price Oracle sync.
[2026-04-30T12:38:32Z WARN  SOR::quoter] Quoter: Simulating pool H2USRSaWuUchkbdmSJgKNfAm7ocyD4ZnCm69oRGyecKw resulted in 0 output (reserves: 108350287/4968889729999). Check Price Oracle sync.
[2026-04-30T12:38:32Z WARN  SOR::quoter] Quoter: Simulating pool H2USRSaWuUchkbdmSJgKNfAm7ocyD4ZnCm69oRGyecKw resulted in 0 output (reserves: 108350287/4968889729999). Check Price Oracle sync.
[2026-04-30T12:38:32Z WARN  SOR::quoter] Quoter: Simulating pool H2USRSaWuUchkbdmSJgKNfAm7ocyD4ZnCm69oRGyecKw resulted in 0 output (reserves: 108350287/4968889729999). Check Price Oracle sync.
[2026-04-30T12:38:32Z WARN  SOR::quoter] Quoter: Simulating pool H2USRSaWuUchkbdmSJgKNfAm7ocyD4ZnCm69oRGyecKw resulted in 0 output (reserves: 108350287/4968889729999). Check Price Oracle sync.
[2026-04-30T12:38:32Z WARN  SOR::quoter] Quoter: Simulating pool H2USRSaWuUchkbdmSJgKNfAm7ocyD4ZnCm69oRGyecKw resulted in 0 output (reserves: 108350287/4968889729999). Check Price Oracle sync.
[2026-04-30T12:38:32Z WARN  SOR::quoter] Quoter: Simulating pool H2USRSaWuUchkbdmSJgKNfAm7ocyD4ZnCm69oRGyecKw resulted in 0 output (reserves: 108350287/4968889729999). Check Price Oracle sync.
[2026-04-30T12:38:32Z WARN  SOR::quoter] Quoter: Simulating pool H2USRSaWuUchkbdmSJgKNfAm7ocyD4ZnCm69oRGyecKw resulted in 0 output (reserves: 108350287/4968889729999). Check Price Oracle sync.
[2026-04-30T12:38:32Z WARN  SOR::quoter] Quoter: Simulating pool H2USRSaWuUchkbdmSJgKNfAm7ocyD4ZnCm69oRGyecKw resulted in 0 output (reserves: 108350287/4968889729999). Check Price Oracle sync.
[2026-04-30T12:38:32Z WARN  SOR::quoter] Quoter: Simulating pool H2USRSaWuUchkbdmSJgKNfAm7ocyD4ZnCm69oRGyecKw resulted in 0 output (reserves: 108350287/4968889729999). Check Price Oracle sync.
[2026-04-30T12:38:32Z WARN  SOR::quoter] Quoter: Simulating pool H2USRSaWuUchkbdmSJgKNfAm7ocyD4ZnCm69oRGyecKw resulted in 0 output (reserves: 108350287/4968889729999). Check Price Oracle sync.
[2026-04-30T12:38:32Z WARN  SOR::quoter] Quoter: Simulating pool H2USRSaWuUchkbdmSJgKNfAm7ocyD4ZnCm69oRGyecKw resulted in 0 output (reserves: 108350287/4968889729999). Check Price Oracle sync.
[2026-04-30T12:38:32Z WARN  SOR::quoter] Quoter: Simulating pool H2USRSaWuUchkbdmSJgKNfAm7ocyD4ZnCm69oRGyecKw resulted in 0 output (reserves: 108350287/4968889729999). Check Price Oracle sync.
[2026-04-30T12:38:32Z WARN  SOR::quoter] Quoter: Simulating pool H2USRSaWuUchkbdmSJgKNfAm7ocyD4ZnCm69oRGyecKw resulted in 0 output (reserves: 108350287/4968889729999). Check Price Oracle sync.
[2026-04-30T12:38:32Z WARN  SOR::quoter] Quoter: Simulating pool H2USRSaWuUchkbdmSJgKNfAm7ocyD4ZnCm69oRGyecKw resulted in 0 output (reserves: 108350287/4968889729999). Check Price Oracle sync.
[2026-04-30T12:38:32Z WARN  SOR::quoter] Quoter: Simulating pool H2USRSaWuUchkbdmSJgKNfAm7ocyD4ZnCm69oRGyecKw resulted in 0 output (reserves: 108350287/4968889729999). Check Price Oracle sync.
[2026-04-30T12:38:32Z WARN  SOR::quoter] Quoter: Simulating pool H2USRSaWuUchkbdmSJgKNfAm7ocyD4ZnCm69oRGyecKw resulted in 0 output (reserves: 108350287/4968889729999). Check Price Oracle sync.
[2026-04-30T12:38:32Z WARN  SOR::quoter] Quoter: Simulating pool H2USRSaWuUchkbdmSJgKNfAm7ocyD4ZnCm69oRGyecKw resulted in 0 output (reserves: 108350287/4968889729999). Check Price Oracle sync.
[2026-04-30T12:38:32Z WARN  SOR::quoter] Quoter: Simulating pool H2USRSaWuUchkbdmSJgKNfAm7ocyD4ZnCm69oRGyecKw resulted in 0 output (reserves: 108350287/4968889729999). Check Price Oracle sync.
[2026-04-30T12:38:32Z WARN  SOR::quoter] Quoter: Simulating pool H2USRSaWuUchkbdmSJgKNfAm7ocyD4ZnCm69oRGyecKw resulted in 0 output (reserves: 108350287/4968889729999). Check Price Oracle sync.
[2026-04-30T12:38:32Z WARN  SOR::quoter] Quoter: Simulating pool H2USRSaWuUchkbdmSJgKNfAm7ocyD4ZnCm69oRGyecKw resulted in 0 output (reserves: 108350287/4968889729999). Check Price Oracle sync.
[2026-04-30T12:38:32Z WARN  SOR::quoter] Quoter: Simulating pool H2USRSaWuUchkbdmSJgKNfAm7ocyD4ZnCm69oRGyecKw resulted in 0 output (reserves: 108350287/4968889729999). Check Price Oracle sync.
[2026-04-30T12:38:32Z WARN  SOR::quoter] Quoter: Simulating pool H2USRSaWuUchkbdmSJgKNfAm7ocyD4ZnCm69oRGyecKw resulted in 0 output (reserves: 108350287/4968889729999). Check Price Oracle sync.
[2026-04-30T12:38:32Z WARN  SOR::quoter] Quoter: Simulating pool H2USRSaWuUchkbdmSJgKNfAm7ocyD4ZnCm69oRGyecKw resulted in 0 output (reserves: 108350287/4968889729999). Check Price Oracle sync.
[2026-04-30T12:38:32Z WARN  SOR::quoter] Quoter: Simulating pool H2USRSaWuUchkbdmSJgKNfAm7ocyD4ZnCm69oRGyecKw resulted in 0 output (reserves: 108350287/4968889729999). Check Price Oracle sync.
[2026-04-30T12:38:32Z WARN  SOR::quoter] Quoter: Simulating pool H2USRSaWuUchkbdmSJgKNfAm7ocyD4ZnCm69oRGyecKw resulted in 0 output (reserves: 108350287/4968889729999). Check Price Oracle sync.
[2026-04-30T12:38:32Z WARN  SOR::quoter] Quoter: Simulating pool H2USRSaWuUchkbdmSJgKNfAm7ocyD4ZnCm69oRGyecKw resulted in 0 output (reserves: 108350287/4968889729999). Check Price Oracle sync.
[2026-04-30T12:38:32Z WARN  SOR::quoter] Quoter: Simulating pool H2USRSaWuUchkbdmSJgKNfAm7ocyD4ZnCm69oRGyecKw resulted in 0 output (reserves: 108350287/4968889729999). Check Price Oracle sync.
[2026-04-30T12:38:32Z WARN  SOR::quoter] Quoter: Simulating pool H2USRSaWuUchkbdmSJgKNfAm7ocyD4ZnCm69oRGyecKw resulted in 0 output (reserves: 108350287/4968889729999). Check Price Oracle sync.
[2026-04-30T12:38:32Z WARN  SOR::quoter] Quoter: Simulating pool H2USRSaWuUchkbdmSJgKNfAm7ocyD4ZnCm69oRGyecKw resulted in 0 output (reserves: 108350287/4968889729999). Check Price Oracle sync.
[2026-04-30T12:38:32Z WARN  SOR::quoter] Quoter: Simulating pool H2USRSaWuUchkbdmSJgKNfAm7ocyD4ZnCm69oRGyecKw resulted in 0 output (reserves: 108350287/4968889729999). Check Price Oracle sync.
[2026-04-30T12:38:32Z WARN  SOR::quoter] Quoter: Simulating pool H2USRSaWuUchkbdmSJgKNfAm7ocyD4ZnCm69oRGyecKw resulted in 0 output (reserves: 108350287/4968889729999). Check Price Oracle sync.
[2026-04-30T12:38:32Z WARN  SOR::quoter] Quoter: Simulating pool H2USRSaWuUchkbdmSJgKNfAm7ocyD4ZnCm69oRGyecKw resulted in 0 output (reserves: 108350287/4968889729999). Check Price Oracle sync.
[2026-04-30T12:38:32Z WARN  SOR::quoter] Quoter: Simulating pool H2USRSaWuUchkbdmSJgKNfAm7ocyD4ZnCm69oRGyecKw resulted in 0 output (reserves: 108350287/4968889729999). Check Price Oracle sync.
[2026-04-30T12:38:32Z WARN  SOR::quoter] Quoter: Simulating pool H2USRSaWuUchkbdmSJgKNfAm7ocyD4ZnCm69oRGyecKw resulted in 0 output (reserves: 108350287/4968889729999). Check Price Oracle sync.
[2026-04-30T12:38:32Z WARN  SOR::quoter] Quoter: Simulating pool H2USRSaWuUchkbdmSJgKNfAm7ocyD4ZnCm69oRGyecKw resulted in 0 output (reserves: 108350287/4968889729999). Check Price Oracle sync.
[2026-04-30T12:38:32Z WARN  SOR::quoter] Quoter: Simulating pool H2USRSaWuUchkbdmSJgKNfAm7ocyD4ZnCm69oRGyecKw resulted in 0 output (reserves: 108350287/4968889729999). Check Price Oracle sync.
[2026-04-30T12:38:32Z WARN  SOR::quoter] Quoter: Simulating pool H2USRSaWuUchkbdmSJgKNfAm7ocyD4ZnCm69oRGyecKw resulted in 0 output (reserves: 108350287/4968889729999). Check Price Oracle sync.
[2026-04-30T12:38:32Z WARN  SOR::quoter] Quoter: Simulating pool H2USRSaWuUchkbdmSJgKNfAm7ocyD4ZnCm69oRGyecKw resulted in 0 output (reserves: 108350287/4968889729999). Check Price Oracle sync.
[2026-04-30T12:38:32Z WARN  SOR::quoter] Quoter: Simulating pool H2USRSaWuUchkbdmSJgKNfAm7ocyD4ZnCm69oRGyecKw resulted in 0 output (reserves: 108350287/4968889729999). Check Price Oracle sync.
[2026-04-30T12:38:32Z WARN  SOR::quoter] Quoter: Simulating pool H2USRSaWuUchkbdmSJgKNfAm7ocyD4ZnCm69oRGyecKw resulted in 0 output (reserves: 108350287/4968889729999). Check Price Oracle sync.

thread 'tokio-rt-worker' (1596839) panicked at src/quoter.rs:317:95:
called `Result::unwrap()` on an `Err` value: WrongSize
note: run with `RUST_BACKTRACE=1` environment variable to display a backtrace
[2026-04-30T12:38:33Z INFO  SOR] SOR: Received 154 updates from Oracle
[2026-04-30T12:38:33Z INFO  SOR] SOR: Pool cache refresh complete (154 pools in cache)
[2026-04-30T12:38:48Z INFO  SOR] SOR: Received 154 updates from Oracle
[2026-04-30T12:38:48Z INFO  SOR] SOR: Pool cache refresh complete (154 pools in cache)
[2026-04-30T12:39:03Z INFO  SOR] SOR: Received 154 updates from Oracle
[2026-04-30T12:39:03Z INFO  SOR] SOR: Pool cache refresh complete (154 pools in cache)
